// Jest Snapshot v1, https://goo.gl/fbAQLP

exports[`check render MapCity 1`] = `
<div
  className="cities__right-section"
>
  <section
    className="cities__map map"
  >
    <div
      id="map"
      style={
        Object {
          "height": "100%",
        }
      }
    />
  </section>
</div>
`;
